[2096:14120:0715/013926.638:INFO:components\enterprise\browser\controller\chrome_browser_cloud_management_controller.cc:239] No machine level policy manager exists.
[19772:8576:0715/013926.737:ERROR:ui\gl\direct_composition_support.cc:247] GetGpuDriverOverlayInfo: Failed to retrieve video device
[2096:14120:0715/013927.297:INFO:CONSOLE:0] "[DOM] Password field is not contained in a form: (More info: https://goo.gl/9p2vKq) %o", source: http://127.0.0.1:8001/index.html?headless=true&use_mf=true&day=3&period=morning&zone=france_pictos&param=weather_temp&auto_save=true (0)
[2096:14120:0715/013928.435:INFO:CONSOLE:20] "#1 0ms Starting document clone with size 1902x984 scrolled to 0,0", source: https://cdnjs.cloudflare.com/ajax/libs/html2canvas/1.4.1/html2canvas.min.js (20)
[2096:14120:0715/013928.602:INFO:CONSOLE:0] "[DOM] Password field is not contained in a form: (More info: https://goo.gl/9p2vKq) %o", source: http://127.0.0.1:8001/index.html?headless=true&use_mf=true&day=3&period=morning&zone=france_pictos&param=weather_temp&auto_save=true (0)
[2096:14120:0715/013928.670:INFO:CONSOLE:20] "#1 236ms Document cloned, element located at 0,0 with size 1902x984 using computed rendering", source: https://cdnjs.cloudflare.com/ajax/libs/html2canvas/1.4.1/html2canvas.min.js (20)
[2096:14120:0715/013928.670:INFO:CONSOLE:20] "#1 236ms Starting DOM parsing", source: https://cdnjs.cloudflare.com/ajax/libs/html2canvas/1.4.1/html2canvas.min.js (20)
[2096:14120:0715/013928.677:INFO:CONSOLE:20] "#1 243ms Added image https://server.arcgisonline.com/ArcGIS/rest/services/World_Imagery/MapServer/tile/7/44/64?v=3", source: https://cdnjs.cloudflare.com/ajax/libs/html2canvas/1.4.1/html2canvas.min.js (20)
[2096:14120:0715/013928.678:INFO:CONSOLE:20] "#1 244ms Added image https://server.arcgisonline.com/ArcGIS/rest/services/World_Imagery/MapServer/tile/7/45/64?v=3", source: https://cdnjs.cloudflare.com/ajax/libs/html2canvas/1.4.1/html2canvas.min.js (20)
[2096:14120:0715/013928.679:INFO:CONSOLE:20] "#1 245ms Added image https://server.arcgisonline.com/ArcGIS/rest/services/World_Imagery/MapServer/tile/7/44/63?v=3", source: https://cdnjs.cloudflare.com/ajax/libs/html2canvas/1.4.1/html2canvas.min.js (20)
[2096:14120:0715/013928.680:INFO:CONSOLE:20] "#1 245ms Added image https://server.arcgisonline.com/ArcGIS/rest/services/World_Imagery/MapServer/tile/7/44/65?v=3", source: https://cdnjs.cloudflare.com/ajax/libs/html2canvas/1.4.1/html2canvas.min.js (20)
[2096:14120:0715/013928.680:INFO:CONSOLE:20] "#1 246ms Added image https://server.arcgisonline.com/ArcGIS/rest/services/World_Imagery/MapServer/tile/7/45/63?v=3", source: https://cdnjs.cloudflare.com/ajax/libs/html2canvas/1.4.1/html2canvas.min.js (20)
[2096:14120:0715/013928.680:INFO:CONSOLE:20] "#1 247ms Added image https://server.arcgisonline.com/ArcGIS/rest/services/World_Imagery/MapServer/tile/7/45/65?v=3", source: https://cdnjs.cloudflare.com/ajax/libs/html2canvas/1.4.1/html2canvas.min.js (20)
[2096:14120:0715/013928.682:INFO:CONSOLE:20] "#1 247ms Added image https://server.arcgisonline.com/ArcGIS/rest/services/World_Imagery/MapServer/tile/7/43/64?v=3", source: https://cdnjs.cloudflare.com/ajax/libs/html2canvas/1.4.1/html2canvas.min.js (20)
[2096:14120:0715/013928.682:INFO:CONSOLE:20] "#1 248ms Added image https://server.arcgisonline.com/ArcGIS/rest/services/World_Imagery/MapServer/tile/7/46/64?v=3", source: https://cdnjs.cloudflare.com/ajax/libs/html2canvas/1.4.1/html2canvas.min.js (20)
[2096:14120:0715/013928.683:INFO:CONSOLE:20] "#1 248ms Added image https://server.arcgisonline.com/ArcGIS/rest/services/World_Imagery/MapServer/tile/7/43/63?v=3", source: https://cdnjs.cloudflare.com/ajax/libs/html2canvas/1.4.1/html2canvas.min.js (20)
[2096:14120:0715/013928.684:INFO:CONSOLE:20] "#1 249ms Added image https://server.arcgisonline.com/ArcGIS/rest/services/World_Imagery/MapServer/tile/7/43/65?v=3", source: https://cdnjs.cloudflare.com/ajax/libs/html2canvas/1.4.1/html2canvas.min.js (20)
[2096:14120:0715/013928.685:INFO:CONSOLE:20] "#1 250ms Added image https://server.arcgisonline.com/ArcGIS/rest/services/World_Imagery/MapServer/tile/7/46/63?v=3", source: https://cdnjs.cloudflare.com/ajax/libs/html2canvas/1.4.1/html2canvas.min.js (20)
[2096:14120:0715/013928.686:INFO:CONSOLE:20] "#1 251ms Added image https://server.arcgisonline.com/ArcGIS/rest/services/World_Imagery/MapServer/tile/7/46/65?v=3", source: https://cdnjs.cloudflare.com/ajax/libs/html2canvas/1.4.1/html2canvas.min.js (20)
[2096:14120:0715/013928.687:INFO:CONSOLE:20] "#1 252ms Added image https://server.arcgisonline.com/ArcGIS/rest/services/World_Imagery/MapServer/tile/7/44/62?v=3", source: https://cdnjs.cloudflare.com/ajax/libs/html2canvas/1.4.1/html2canvas.min.js (20)
[2096:14120:0715/013928.688:INFO:CONSOLE:20] "#1 253ms Added image https://server.arcgisonline.com/ArcGIS/rest/services/World_Imagery/MapServer/tile/7/44/66?v=3", source: https://cdnjs.cloudflare.com/ajax/libs/html2canvas/1.4.1/html2canvas.min.js (20)
[2096:14120:0715/013928.689:INFO:CONSOLE:20] "#1 254ms Added image https://server.arcgisonline.com/ArcGIS/rest/services/World_Imagery/MapServer/tile/7/45/62?v=3", source: https://cdnjs.cloudflare.com/ajax/libs/html2canvas/1.4.1/html2canvas.min.js (20)
[2096:14120:0715/013928.689:INFO:CONSOLE:20] "#1 254ms Added image https://server.arcgisonline.com/ArcGIS/rest/services/World_Imagery/MapServer/tile/7/45/66?v=3", source: https://cdnjs.cloudflare.com/ajax/libs/html2canvas/1.4.1/html2canvas.min.js (20)
[2096:14120:0715/013928.690:INFO:CONSOLE:20] "#1 255ms Added image https://server.arcgisonline.com/ArcGIS/rest/services/World_Imagery/MapServer/tile/7/42/64?v=3", source: https://cdnjs.cloudflare.com/ajax/libs/html2canvas/1.4.1/html2canvas.min.js (20)
[2096:14120:0715/013928.690:INFO:CONSOLE:20] "#1 256ms Added image https://server.arcgisonline.com/ArcGIS/rest/services/World_Imagery/MapServer/tile/7/43/62?v=3", source: https://cdnjs.cloudflare.com/ajax/libs/html2canvas/1.4.1/html2canvas.min.js (20)
[2096:14120:0715/013928.691:INFO:CONSOLE:20] "#1 256ms Added image https://server.arcgisonline.com/ArcGIS/rest/services/World_Imagery/MapServer/tile/7/43/66?v=3", source: https://cdnjs.cloudflare.com/ajax/libs/html2canvas/1.4.1/html2canvas.min.js (20)
[2096:14120:0715/013928.692:INFO:CONSOLE:20] "#1 257ms Added image https://server.arcgisonline.com/ArcGIS/rest/services/World_Imagery/MapServer/tile/7/46/62?v=3", source: https://cdnjs.cloudflare.com/ajax/libs/html2canvas/1.4.1/html2canvas.min.js (20)
[2096:14120:0715/013928.692:INFO:CONSOLE:20] "#1 258ms Added image https://server.arcgisonline.com/ArcGIS/rest/services/World_Imagery/MapServer/tile/7/46/66?v=3", source: https://cdnjs.cloudflare.com/ajax/libs/html2canvas/1.4.1/html2canvas.min.js (20)
[2096:14120:0715/013928.693:INFO:CONSOLE:20] "#1 258ms Added image https://server.arcgisonline.com/ArcGIS/rest/services/World_Imagery/MapServer/tile/7/47/64?v=3", source: https://cdnjs.cloudflare.com/ajax/libs/html2canvas/1.4.1/html2canvas.min.js (20)
[2096:14120:0715/013928.693:INFO:CONSOLE:20] "#1 259ms Added image https://server.arcgisonline.com/ArcGIS/rest/services/World_Imagery/MapServer/tile/7/42/63?v=3", source: https://cdnjs.cloudflare.com/ajax/libs/html2canvas/1.4.1/html2canvas.min.js (20)
[2096:14120:0715/013928.694:INFO:CONSOLE:20] "#1 259ms Added image https://server.arcgisonline.com/ArcGIS/rest/services/World_Imagery/MapServer/tile/7/42/65?v=3", source: https://cdnjs.cloudflare.com/ajax/libs/html2canvas/1.4.1/html2canvas.min.js (20)
[2096:14120:0715/013928.694:INFO:CONSOLE:20] "#1 260ms Added image https://server.arcgisonline.com/ArcGIS/rest/services/World_Imagery/MapServer/tile/7/47/63?v=3", source: https://cdnjs.cloudflare.com/ajax/libs/html2canvas/1.4.1/html2canvas.min.js (20)
[2096:14120:0715/013928.695:INFO:CONSOLE:20] "#1 260ms Added image https://server.arcgisonline.com/ArcGIS/rest/services/World_Imagery/MapServer/tile/7/47/65?v=3", source: https://cdnjs.cloudflare.com/ajax/libs/html2canvas/1.4.1/html2canvas.min.js (20)
[2096:14120:0715/013928.695:INFO:CONSOLE:20] "#1 261ms Added image https://server.arcgisonline.com/ArcGIS/rest/services/World_Imagery/MapServer/tile/7/44/61?v=3", source: https://cdnjs.cloudflare.com/ajax/libs/html2canvas/1.4.1/html2canvas.min.js (20)
[2096:14120:0715/013928.696:INFO:CONSOLE:20] "#1 261ms Added image https://server.arcgisonline.com/ArcGIS/rest/services/World_Imagery/MapServer/tile/7/44/67?v=3", source: https://cdnjs.cloudflare.com/ajax/libs/html2canvas/1.4.1/html2canvas.min.js (20)
[2096:14120:0715/013928.696:INFO:CONSOLE:20] "#1 262ms Added image https://server.arcgisonline.com/ArcGIS/rest/services/World_Imagery/MapServer/tile/7/45/61?v=3", source: https://cdnjs.cloudflare.com/ajax/libs/html2canvas/1.4.1/html2canvas.min.js (20)
[2096:14120:0715/013928.697:INFO:CONSOLE:20] "#1 262ms Added image https://server.arcgisonline.com/ArcGIS/rest/services/World_Imagery/MapServer/tile/7/45/67?v=3", source: https://cdnjs.cloudflare.com/ajax/libs/html2canvas/1.4.1/html2canvas.min.js (20)
[2096:14120:0715/013928.697:INFO:CONSOLE:20] "#1 263ms Added image https://server.arcgisonline.com/ArcGIS/rest/services/World_Imagery/MapServer/tile/7/42/62?v=3", source: https://cdnjs.cloudflare.com/ajax/libs/html2canvas/1.4.1/html2canvas.min.js (20)
[2096:14120:0715/013928.698:INFO:CONSOLE:20] "#1 263ms Added image https://server.arcgisonline.com/ArcGIS/rest/services/World_Imagery/MapServer/tile/7/42/66?v=3", source: https://cdnjs.cloudflare.com/ajax/libs/html2canvas/1.4.1/html2canvas.min.js (20)
[2096:14120:0715/013928.698:INFO:CONSOLE:20] "#1 264ms Added image https://server.arcgisonline.com/ArcGIS/rest/services/World_Imagery/MapServer/tile/7/47/62?v=3", source: https://cdnjs.cloudflare.com/ajax/libs/html2canvas/1.4.1/html2canvas.min.js (20)
[2096:14120:0715/013928.699:INFO:CONSOLE:20] "#1 264ms Added image https://server.arcgisonline.com/ArcGIS/rest/services/World_Imagery/MapServer/tile/7/47/66?v=3", source: https://cdnjs.cloudflare.com/ajax/libs/html2canvas/1.4.1/html2canvas.min.js (20)
[2096:14120:0715/013928.699:INFO:CONSOLE:20] "#1 265ms Added image https://server.arcgisonline.com/ArcGIS/rest/services/World_Imagery/MapServer/tile/7/43/61?v=3", source: https://cdnjs.cloudflare.com/ajax/libs/html2canvas/1.4.1/html2canvas.min.js (20)
[2096:14120:0715/013928.704:INFO:CONSOLE:20] "#1 269ms Added image https://server.arcgisonline.com/ArcGIS/rest/services/World_Imagery/MapServer/tile/7/43/67?v=3", source: https://cdnjs.cloudflare.com/ajax/libs/html2canvas/1.4.1/html2canvas.min.js (20)
[2096:14120:0715/013928.704:INFO:CONSOLE:20] "#1 270ms Added image https://server.arcgisonline.com/ArcGIS/rest/services/World_Imagery/MapServer/tile/7/46/61?v=3", source: https://cdnjs.cloudflare.com/ajax/libs/html2canvas/1.4.1/html2canvas.min.js (20)
[2096:14120:0715/013928.705:INFO:CONSOLE:20] "#1 270ms Added image https://server.arcgisonline.com/ArcGIS/rest/services/World_Imagery/MapServer/tile/7/46/67?v=3", source: https://cdnjs.cloudflare.com/ajax/libs/html2canvas/1.4.1/html2canvas.min.js (20)
[2096:14120:0715/013928.706:INFO:CONSOLE:20] "#1 271ms Added image https://server.arcgisonline.com/ArcGIS/rest/services/World_Imagery/MapServer/tile/7/42/61?v=3", source: https://cdnjs.cloudflare.com/ajax/libs/html2canvas/1.4.1/html2canvas.min.js (20)
[2096:14120:0715/013928.706:INFO:CONSOLE:20] "#1 272ms Added image https://server.arcgisonline.com/ArcGIS/rest/services/World_Imagery/MapServer/tile/7/42/67?v=3", source: https://cdnjs.cloudflare.com/ajax/libs/html2canvas/1.4.1/html2canvas.min.js (20)
[2096:14120:0715/013928.707:INFO:CONSOLE:20] "#1 272ms Added image https://server.arcgisonline.com/ArcGIS/rest/services/World_Imagery/MapServer/tile/7/47/61?v=3", source: https://cdnjs.cloudflare.com/ajax/libs/html2canvas/1.4.1/html2canvas.min.js (20)
[2096:14120:0715/013928.707:INFO:CONSOLE:20] "#1 273ms Added image https://server.arcgisonline.com/ArcGIS/rest/services/World_Imagery/MapServer/tile/7/47/67?v=3", source: https://cdnjs.cloudflare.com/ajax/libs/html2canvas/1.4.1/html2canvas.min.js (20)
[2096:14120:0715/013928.707:INFO:CONSOLE:20] "#1 273ms Added image https://server.arcgisonline.com/ArcGIS/rest/services/World_Imagery/MapServer/tile/7/44/60?v=3", source: https://cdnjs.cloudflare.com/ajax/libs/html2canvas/1.4.1/html2canvas.min.js (20)
[2096:14120:0715/013928.708:INFO:CONSOLE:20] "#1 274ms Added image https://server.arcgisonline.com/ArcGIS/rest/services/World_Imagery/MapServer/tile/7/44/68?v=3", source: https://cdnjs.cloudflare.com/ajax/libs/html2canvas/1.4.1/html2canvas.min.js (20)
[2096:14120:0715/013928.708:INFO:CONSOLE:20] "#1 274ms Added image https://server.arcgisonline.com/ArcGIS/rest/services/World_Imagery/MapServer/tile/7/45/60?v=3", source: https://cdnjs.cloudflare.com/ajax/libs/html2canvas/1.4.1/html2canvas.min.js (20)
[2096:14120:0715/013928.709:INFO:CONSOLE:20] "#1 275ms Added image https://server.arcgisonline.com/ArcGIS/rest/services/World_Imagery/MapServer/tile/7/45/68?v=3", source: https://cdnjs.cloudflare.com/ajax/libs/html2canvas/1.4.1/html2canvas.min.js (20)
[2096:14120:0715/013928.709:INFO:CONSOLE:20] "#1 275ms Added image https://server.arcgisonline.com/ArcGIS/rest/services/World_Imagery/MapServer/tile/7/43/60?v=3", source: https://cdnjs.cloudflare.com/ajax/libs/html2canvas/1.4.1/html2canvas.min.js (20)
[2096:14120:0715/013928.710:INFO:CONSOLE:20] "#1 275ms Added image https://server.arcgisonline.com/ArcGIS/rest/services/World_Imagery/MapServer/tile/7/43/68?v=3", source: https://cdnjs.cloudflare.com/ajax/libs/html2canvas/1.4.1/html2canvas.min.js (20)
[2096:14120:0715/013928.710:INFO:CONSOLE:20] "#1 276ms Added image https://server.arcgisonline.com/ArcGIS/rest/services/World_Imagery/MapServer/tile/7/46/60?v=3", source: https://cdnjs.cloudflare.com/ajax/libs/html2canvas/1.4.1/html2canvas.min.js (20)
[2096:14120:0715/013928.711:INFO:CONSOLE:20] "#1 276ms Added image https://server.arcgisonline.com/ArcGIS/rest/services/World_Imagery/MapServer/tile/7/46/68?v=3", source: https://cdnjs.cloudflare.com/ajax/libs/html2canvas/1.4.1/html2canvas.min.js (20)
[2096:14120:0715/013928.711:INFO:CONSOLE:20] "#1 277ms Added image https://server.arcgisonline.com/ArcGIS/rest/services/World_Imagery/MapServer/tile/7/42/60?v=3", source: https://cdnjs.cloudflare.com/ajax/libs/html2canvas/1.4.1/html2canvas.min.js (20)
[2096:14120:0715/013928.711:INFO:CONSOLE:20] "#1 277ms Added image https://server.arcgisonline.com/ArcGIS/rest/services/World_Imagery/MapServer/tile/7/42/68?v=3", source: https://cdnjs.cloudflare.com/ajax/libs/html2canvas/1.4.1/html2canvas.min.js (20)
[2096:14120:0715/013928.712:INFO:CONSOLE:20] "#1 278ms Added image https://server.arcgisonline.com/ArcGIS/rest/services/World_Imagery/MapServer/tile/7/47/60?v=3", source: https://cdnjs.cloudflare.com/ajax/libs/html2canvas/1.4.1/html2canvas.min.js (20)
[2096:14120:0715/013928.712:INFO:CONSOLE:20] "#1 278ms Added image https://server.arcgisonline.com/ArcGIS/rest/services/World_Imagery/MapServer/tile/7/47/68?v=3", source: https://cdnjs.cloudflare.com/ajax/libs/html2canvas/1.4.1/html2canvas.min.js (20)
[2096:14120:0715/013928.713:INFO:CONSOLE:20] "#1 279ms Added image https://server.arcgisonline.com/ArcGIS/rest/services/World_Imagery/MapServer/tile/7/44/59?v=3", source: https://cdnjs.cloudflare.com/ajax/libs/html2canvas/1.4.1/html2canvas.min.js (20)
[2096:14120:0715/013928.713:INFO:CONSOLE:20] "#1 279ms Added image https://server.arcgisonline.com/ArcGIS/rest/services/World_Imagery/MapServer/tile/7/44/69?v=3", source: https://cdnjs.cloudflare.com/ajax/libs/html2canvas/1.4.1/html2canvas.min.js (20)
[2096:14120:0715/013928.714:INFO:CONSOLE:20] "#1 279ms Added image https://server.arcgisonline.com/ArcGIS/rest/services/World_Imagery/MapServer/tile/7/45/59?v=3", source: https://cdnjs.cloudflare.com/ajax/libs/html2canvas/1.4.1/html2canvas.min.js (20)
[2096:14120:0715/013928.714:INFO:CONSOLE:20] "#1 280ms Added image https://server.arcgisonline.com/ArcGIS/rest/services/World_Imagery/MapServer/tile/7/45/69?v=3", source: https://cdnjs.cloudflare.com/ajax/libs/html2canvas/1.4.1/html2canvas.min.js (20)
[2096:14120:0715/013928.714:INFO:CONSOLE:20] "#1 280ms Added image https://server.arcgisonline.com/ArcGIS/rest/services/World_Imagery/MapServer/tile/7/43/59?v=3", source: https://cdnjs.cloudflare.com/ajax/libs/html2canvas/1.4.1/html2canvas.min.js (20)
[2096:14120:0715/013928.715:INFO:CONSOLE:20] "#1 281ms Added image https://server.arcgisonline.com/ArcGIS/rest/services/World_Imagery/MapServer/tile/7/43/69?v=3", source: https://cdnjs.cloudflare.com/ajax/libs/html2canvas/1.4.1/html2canvas.min.js (20)
[2096:14120:0715/013928.715:INFO:CONSOLE:20] "#1 281ms Added image https://server.arcgisonline.com/ArcGIS/rest/services/World_Imagery/MapServer/tile/7/46/59?v=3", source: https://cdnjs.cloudflare.com/ajax/libs/html2canvas/1.4.1/html2canvas.min.js (20)
[2096:14120:0715/013928.716:INFO:CONSOLE:20] "#1 282ms Added image https://server.arcgisonline.com/ArcGIS/rest/services/World_Imagery/MapServer/tile/7/46/69?v=3", source: https://cdnjs.cloudflare.com/ajax/libs/html2canvas/1.4.1/html2canvas.min.js (20)
[2096:14120:0715/013928.716:INFO:CONSOLE:20] "#1 282ms Added image https://server.arcgisonline.com/ArcGIS/rest/services/World_Imagery/MapServer/tile/7/42/59?v=3", source: https://cdnjs.cloudflare.com/ajax/libs/html2canvas/1.4.1/html2canvas.min.js (20)
[2096:14120:0715/013928.717:INFO:CONSOLE:20] "#1 283ms Added image https://server.arcgisonline.com/ArcGIS/rest/services/World_Imagery/MapServer/tile/7/42/69?v=3", source: https://cdnjs.cloudflare.com/ajax/libs/html2canvas/1.4.1/html2canvas.min.js (20)
[2096:14120:0715/013928.718:INFO:CONSOLE:20] "#1 284ms Added image https://server.arcgisonline.com/ArcGIS/rest/services/World_Imagery/MapServer/tile/7/47/59?v=3", source: https://cdnjs.cloudflare.com/ajax/libs/html2canvas/1.4.1/html2canvas.min.js (20)
[2096:14120:0715/013928.720:INFO:CONSOLE:20] "#1 285ms Added image https://server.arcgisonline.com/ArcGIS/rest/services/World_Imagery/MapServer/tile/7/47/69?v=3", source: https://cdnjs.cloudflare.com/ajax/libs/html2canvas/1.4.1/html2canvas.min.js (20)
[2096:14120:0715/013928.723:INFO:CONSOLE:20] "#1 289ms Added image http://127.0.0.1:8001/pictogramme/P1%20(soleil).png", source: https://cdnjs.cloudflare.com/ajax/libs/html2canvas/1.4.1/html2canvas.min.js (20)
[2096:14120:0715/013928.771:INFO:CONSOLE:20] "#1 336ms Added image http://127.0.0.1:8001/pictogramme/P9%20(averses).png", source: https://cdnjs.cloudflare.com/ajax/libs/html2canvas/1.4.1/html2canvas.min.js (20)
[2096:14120:0715/013928.827:INFO:CONSOLE:20] "#1 392ms Added image http://127.0.0.1:8001/logo%20meteo%20climat%20pro%203.png", source: https://cdnjs.cloudflare.com/ajax/libs/html2canvas/1.4.1/html2canvas.min.js (20)
[2096:14120:0715/013928.831:INFO:CONSOLE:20] "#1 396ms Starting renderer for element at 0,0 with size 1902x984", source: https://cdnjs.cloudflare.com/ajax/libs/html2canvas/1.4.1/html2canvas.min.js (20)
[2096:14120:0715/013928.835:INFO:CONSOLE:20] "#1 400ms Canvas renderer initialized (1902x984) with scale 1.5", source: https://cdnjs.cloudflare.com/ajax/libs/html2canvas/1.4.1/html2canvas.min.js (20)
[2096:14120:0715/013928.995:INFO:CONSOLE:20] "#1 560ms Finished rendering", source: https://cdnjs.cloudflare.com/ajax/libs/html2canvas/1.4.1/html2canvas.min.js (20)
