[10120:3780:0720/230851.178:INFO:components\enterprise\browser\controller\chrome_browser_cloud_management_controller.cc:239] No machine level policy manager exists.
[2864:22308:0720/230851.294:ERROR:ui\gl\direct_composition_support.cc:247] GetGpuDriverOverlayInfo: Failed to retrieve video device
[10120:3780:0720/230852.289:INFO:CONSOLE:0] "[DOM] Password field is not contained in a form: (More info: https://goo.gl/9p2vKq) %o", source: http://127.0.0.1:8001/index.html?headless=true&use_mf=true&day=0&period=evening&zone=france&param=weather_temp&auto_save=true (0)
[10120:3780:0720/230852.381:INFO:CONSOLE:4033] "Données chargées depuis le cache local (valide). Modèle T°: ecmwf_ifs", source: http://127.0.0.1:8001/index.html?headless=true&use_mf=true&day=0&period=evening&zone=france&param=weather_temp&auto_save=true (4033)
[10120:3780:0720/230853.442:INFO:CONSOLE:20] "#1 0ms Starting document clone with size 1902x928 scrolled to 0,0", source: https://cdnjs.cloudflare.com/ajax/libs/html2canvas/1.4.1/html2canvas.min.js (20)
[10120:3780:0720/230853.785:INFO:CONSOLE:0] "[DOM] Password field is not contained in a form: (More info: https://goo.gl/9p2vKq) %o", source: http://127.0.0.1:8001/index.html?headless=true&use_mf=true&day=0&period=evening&zone=france&param=weather_temp&auto_save=true (0)
[10120:3780:0720/230853.858:INFO:CONSOLE:20] "#1 418ms Document cloned, element located at 0,0 with size 1902x1080 using computed rendering", source: https://cdnjs.cloudflare.com/ajax/libs/html2canvas/1.4.1/html2canvas.min.js (20)
[10120:3780:0720/230853.858:INFO:CONSOLE:20] "#1 418ms Starting DOM parsing", source: https://cdnjs.cloudflare.com/ajax/libs/html2canvas/1.4.1/html2canvas.min.js (20)
[10120:3780:0720/230853.867:INFO:CONSOLE:20] "#1 426ms Added image https://server.arcgisonline.com/ArcGIS/rest/services/World_Imagery/MapServer/tile/7/44/64?v=3", source: https://cdnjs.cloudflare.com/ajax/libs/html2canvas/1.4.1/html2canvas.min.js (20)
[10120:3780:0720/230853.871:INFO:CONSOLE:20] "#1 429ms Added image https://server.arcgisonline.com/ArcGIS/rest/services/World_Imagery/MapServer/tile/7/44/65?v=3", source: https://cdnjs.cloudflare.com/ajax/libs/html2canvas/1.4.1/html2canvas.min.js (20)
[10120:3780:0720/230853.873:INFO:CONSOLE:20] "#1 431ms Added image https://server.arcgisonline.com/ArcGIS/rest/services/World_Imagery/MapServer/tile/7/45/64?v=3", source: https://cdnjs.cloudflare.com/ajax/libs/html2canvas/1.4.1/html2canvas.min.js (20)
[10120:3780:0720/230853.874:INFO:CONSOLE:20] "#1 432ms Added image https://server.arcgisonline.com/ArcGIS/rest/services/World_Imagery/MapServer/tile/7/45/65?v=3", source: https://cdnjs.cloudflare.com/ajax/libs/html2canvas/1.4.1/html2canvas.min.js (20)
[10120:3780:0720/230853.876:INFO:CONSOLE:20] "#1 434ms Added image https://server.arcgisonline.com/ArcGIS/rest/services/World_Imagery/MapServer/tile/7/43/64?v=3", source: https://cdnjs.cloudflare.com/ajax/libs/html2canvas/1.4.1/html2canvas.min.js (20)
[10120:3780:0720/230853.878:INFO:CONSOLE:20] "#1 436ms Added image https://server.arcgisonline.com/ArcGIS/rest/services/World_Imagery/MapServer/tile/7/43/65?v=3", source: https://cdnjs.cloudflare.com/ajax/libs/html2canvas/1.4.1/html2canvas.min.js (20)
[10120:3780:0720/230853.879:INFO:CONSOLE:20] "#1 438ms Added image https://server.arcgisonline.com/ArcGIS/rest/services/World_Imagery/MapServer/tile/7/44/63?v=3", source: https://cdnjs.cloudflare.com/ajax/libs/html2canvas/1.4.1/html2canvas.min.js (20)
[10120:3780:0720/230853.882:INFO:CONSOLE:20] "#1 440ms Added image https://server.arcgisonline.com/ArcGIS/rest/services/World_Imagery/MapServer/tile/7/44/66?v=3", source: https://cdnjs.cloudflare.com/ajax/libs/html2canvas/1.4.1/html2canvas.min.js (20)
[10120:3780:0720/230853.883:INFO:CONSOLE:20] "#1 442ms Added image https://server.arcgisonline.com/ArcGIS/rest/services/World_Imagery/MapServer/tile/7/45/63?v=3", source: https://cdnjs.cloudflare.com/ajax/libs/html2canvas/1.4.1/html2canvas.min.js (20)
[10120:3780:0720/230853.884:INFO:CONSOLE:20] "#1 443ms Added image https://server.arcgisonline.com/ArcGIS/rest/services/World_Imagery/MapServer/tile/7/45/66?v=3", source: https://cdnjs.cloudflare.com/ajax/libs/html2canvas/1.4.1/html2canvas.min.js (20)
[10120:3780:0720/230853.886:INFO:CONSOLE:20] "#1 444ms Added image https://server.arcgisonline.com/ArcGIS/rest/services/World_Imagery/MapServer/tile/7/46/64?v=3", source: https://cdnjs.cloudflare.com/ajax/libs/html2canvas/1.4.1/html2canvas.min.js (20)
[10120:3780:0720/230853.887:INFO:CONSOLE:20] "#1 446ms Added image https://server.arcgisonline.com/ArcGIS/rest/services/World_Imagery/MapServer/tile/7/46/65?v=3", source: https://cdnjs.cloudflare.com/ajax/libs/html2canvas/1.4.1/html2canvas.min.js (20)
[10120:3780:0720/230853.888:INFO:CONSOLE:20] "#1 447ms Added image https://server.arcgisonline.com/ArcGIS/rest/services/World_Imagery/MapServer/tile/7/43/63?v=3", source: https://cdnjs.cloudflare.com/ajax/libs/html2canvas/1.4.1/html2canvas.min.js (20)
[10120:3780:0720/230853.889:INFO:CONSOLE:20] "#1 447ms Added image https://server.arcgisonline.com/ArcGIS/rest/services/World_Imagery/MapServer/tile/7/43/66?v=3", source: https://cdnjs.cloudflare.com/ajax/libs/html2canvas/1.4.1/html2canvas.min.js (20)
[10120:3780:0720/230853.890:INFO:CONSOLE:20] "#1 448ms Added image https://server.arcgisonline.com/ArcGIS/rest/services/World_Imagery/MapServer/tile/7/46/63?v=3", source: https://cdnjs.cloudflare.com/ajax/libs/html2canvas/1.4.1/html2canvas.min.js (20)
[10120:3780:0720/230853.891:INFO:CONSOLE:20] "#1 450ms Added image https://server.arcgisonline.com/ArcGIS/rest/services/World_Imagery/MapServer/tile/7/46/66?v=3", source: https://cdnjs.cloudflare.com/ajax/libs/html2canvas/1.4.1/html2canvas.min.js (20)
[10120:3780:0720/230853.892:INFO:CONSOLE:20] "#1 451ms Added image https://server.arcgisonline.com/ArcGIS/rest/services/World_Imagery/MapServer/tile/7/42/64?v=3", source: https://cdnjs.cloudflare.com/ajax/libs/html2canvas/1.4.1/html2canvas.min.js (20)
[10120:3780:0720/230853.893:INFO:CONSOLE:20] "#1 452ms Added image https://server.arcgisonline.com/ArcGIS/rest/services/World_Imagery/MapServer/tile/7/42/65?v=3", source: https://cdnjs.cloudflare.com/ajax/libs/html2canvas/1.4.1/html2canvas.min.js (20)
[10120:3780:0720/230853.894:INFO:CONSOLE:20] "#1 453ms Added image https://server.arcgisonline.com/ArcGIS/rest/services/World_Imagery/MapServer/tile/7/44/62?v=3", source: https://cdnjs.cloudflare.com/ajax/libs/html2canvas/1.4.1/html2canvas.min.js (20)
[10120:3780:0720/230853.895:INFO:CONSOLE:20] "#1 454ms Added image https://server.arcgisonline.com/ArcGIS/rest/services/World_Imagery/MapServer/tile/7/44/67?v=3", source: https://cdnjs.cloudflare.com/ajax/libs/html2canvas/1.4.1/html2canvas.min.js (20)
[10120:3780:0720/230853.896:INFO:CONSOLE:20] "#1 455ms Added image https://server.arcgisonline.com/ArcGIS/rest/services/World_Imagery/MapServer/tile/7/45/62?v=3", source: https://cdnjs.cloudflare.com/ajax/libs/html2canvas/1.4.1/html2canvas.min.js (20)
[10120:3780:0720/230853.897:INFO:CONSOLE:20] "#1 456ms Added image https://server.arcgisonline.com/ArcGIS/rest/services/World_Imagery/MapServer/tile/7/45/67?v=3", source: https://cdnjs.cloudflare.com/ajax/libs/html2canvas/1.4.1/html2canvas.min.js (20)
[10120:3780:0720/230853.897:INFO:CONSOLE:20] "#1 456ms Added image https://server.arcgisonline.com/ArcGIS/rest/services/World_Imagery/MapServer/tile/7/47/64?v=3", source: https://cdnjs.cloudflare.com/ajax/libs/html2canvas/1.4.1/html2canvas.min.js (20)
[10120:3780:0720/230853.898:INFO:CONSOLE:20] "#1 457ms Added image https://server.arcgisonline.com/ArcGIS/rest/services/World_Imagery/MapServer/tile/7/47/65?v=3", source: https://cdnjs.cloudflare.com/ajax/libs/html2canvas/1.4.1/html2canvas.min.js (20)
[10120:3780:0720/230853.899:INFO:CONSOLE:20] "#1 457ms Added image https://server.arcgisonline.com/ArcGIS/rest/services/World_Imagery/MapServer/tile/7/42/63?v=3", source: https://cdnjs.cloudflare.com/ajax/libs/html2canvas/1.4.1/html2canvas.min.js (20)
[10120:3780:0720/230853.900:INFO:CONSOLE:20] "#1 458ms Added image https://server.arcgisonline.com/ArcGIS/rest/services/World_Imagery/MapServer/tile/7/42/66?v=3", source: https://cdnjs.cloudflare.com/ajax/libs/html2canvas/1.4.1/html2canvas.min.js (20)
[10120:3780:0720/230853.904:INFO:CONSOLE:20] "#1 462ms Added image https://server.arcgisonline.com/ArcGIS/rest/services/World_Imagery/MapServer/tile/7/43/62?v=3", source: https://cdnjs.cloudflare.com/ajax/libs/html2canvas/1.4.1/html2canvas.min.js (20)
[10120:3780:0720/230853.906:INFO:CONSOLE:20] "#1 464ms Added image https://server.arcgisonline.com/ArcGIS/rest/services/World_Imagery/MapServer/tile/7/43/67?v=3", source: https://cdnjs.cloudflare.com/ajax/libs/html2canvas/1.4.1/html2canvas.min.js (20)
[10120:3780:0720/230853.906:INFO:CONSOLE:20] "#1 464ms Added image https://server.arcgisonline.com/ArcGIS/rest/services/World_Imagery/MapServer/tile/7/46/62?v=3", source: https://cdnjs.cloudflare.com/ajax/libs/html2canvas/1.4.1/html2canvas.min.js (20)
[10120:3780:0720/230853.907:INFO:CONSOLE:20] "#1 465ms Added image https://server.arcgisonline.com/ArcGIS/rest/services/World_Imagery/MapServer/tile/7/46/67?v=3", source: https://cdnjs.cloudflare.com/ajax/libs/html2canvas/1.4.1/html2canvas.min.js (20)
[10120:3780:0720/230853.907:INFO:CONSOLE:20] "#1 466ms Added image https://server.arcgisonline.com/ArcGIS/rest/services/World_Imagery/MapServer/tile/7/47/63?v=3", source: https://cdnjs.cloudflare.com/ajax/libs/html2canvas/1.4.1/html2canvas.min.js (20)
[10120:3780:0720/230853.908:INFO:CONSOLE:20] "#1 466ms Added image https://server.arcgisonline.com/ArcGIS/rest/services/World_Imagery/MapServer/tile/7/47/66?v=3", source: https://cdnjs.cloudflare.com/ajax/libs/html2canvas/1.4.1/html2canvas.min.js (20)
[10120:3780:0720/230853.909:INFO:CONSOLE:20] "#1 467ms Added image https://server.arcgisonline.com/ArcGIS/rest/services/World_Imagery/MapServer/tile/7/42/62?v=3", source: https://cdnjs.cloudflare.com/ajax/libs/html2canvas/1.4.1/html2canvas.min.js (20)
[10120:3780:0720/230853.909:INFO:CONSOLE:20] "#1 467ms Added image https://server.arcgisonline.com/ArcGIS/rest/services/World_Imagery/MapServer/tile/7/42/67?v=3", source: https://cdnjs.cloudflare.com/ajax/libs/html2canvas/1.4.1/html2canvas.min.js (20)
[10120:3780:0720/230853.909:INFO:CONSOLE:20] "#1 468ms Added image https://server.arcgisonline.com/ArcGIS/rest/services/World_Imagery/MapServer/tile/7/44/61?v=3", source: https://cdnjs.cloudflare.com/ajax/libs/html2canvas/1.4.1/html2canvas.min.js (20)
[10120:3780:0720/230853.910:INFO:CONSOLE:20] "#1 469ms Added image https://server.arcgisonline.com/ArcGIS/rest/services/World_Imagery/MapServer/tile/7/44/68?v=3", source: https://cdnjs.cloudflare.com/ajax/libs/html2canvas/1.4.1/html2canvas.min.js (20)
[10120:3780:0720/230853.911:INFO:CONSOLE:20] "#1 469ms Added image https://server.arcgisonline.com/ArcGIS/rest/services/World_Imagery/MapServer/tile/7/45/61?v=3", source: https://cdnjs.cloudflare.com/ajax/libs/html2canvas/1.4.1/html2canvas.min.js (20)
[10120:3780:0720/230853.911:INFO:CONSOLE:20] "#1 470ms Added image https://server.arcgisonline.com/ArcGIS/rest/services/World_Imagery/MapServer/tile/7/45/68?v=3", source: https://cdnjs.cloudflare.com/ajax/libs/html2canvas/1.4.1/html2canvas.min.js (20)
[10120:3780:0720/230853.912:INFO:CONSOLE:20] "#1 471ms Added image https://server.arcgisonline.com/ArcGIS/rest/services/World_Imagery/MapServer/tile/7/47/62?v=3", source: https://cdnjs.cloudflare.com/ajax/libs/html2canvas/1.4.1/html2canvas.min.js (20)
[10120:3780:0720/230853.913:INFO:CONSOLE:20] "#1 471ms Added image https://server.arcgisonline.com/ArcGIS/rest/services/World_Imagery/MapServer/tile/7/47/67?v=3", source: https://cdnjs.cloudflare.com/ajax/libs/html2canvas/1.4.1/html2canvas.min.js (20)
[10120:3780:0720/230853.913:INFO:CONSOLE:20] "#1 472ms Added image https://server.arcgisonline.com/ArcGIS/rest/services/World_Imagery/MapServer/tile/7/43/61?v=3", source: https://cdnjs.cloudflare.com/ajax/libs/html2canvas/1.4.1/html2canvas.min.js (20)
[10120:3780:0720/230853.914:INFO:CONSOLE:20] "#1 472ms Added image https://server.arcgisonline.com/ArcGIS/rest/services/World_Imagery/MapServer/tile/7/43/68?v=3", source: https://cdnjs.cloudflare.com/ajax/libs/html2canvas/1.4.1/html2canvas.min.js (20)
[10120:3780:0720/230853.914:INFO:CONSOLE:20] "#1 473ms Added image https://server.arcgisonline.com/ArcGIS/rest/services/World_Imagery/MapServer/tile/7/46/61?v=3", source: https://cdnjs.cloudflare.com/ajax/libs/html2canvas/1.4.1/html2canvas.min.js (20)
[10120:3780:0720/230853.915:INFO:CONSOLE:20] "#1 473ms Added image https://server.arcgisonline.com/ArcGIS/rest/services/World_Imagery/MapServer/tile/7/46/68?v=3", source: https://cdnjs.cloudflare.com/ajax/libs/html2canvas/1.4.1/html2canvas.min.js (20)
[10120:3780:0720/230853.915:INFO:CONSOLE:20] "#1 474ms Added image https://server.arcgisonline.com/ArcGIS/rest/services/World_Imagery/MapServer/tile/7/42/61?v=3", source: https://cdnjs.cloudflare.com/ajax/libs/html2canvas/1.4.1/html2canvas.min.js (20)
[10120:3780:0720/230853.916:INFO:CONSOLE:20] "#1 474ms Added image https://server.arcgisonline.com/ArcGIS/rest/services/World_Imagery/MapServer/tile/7/42/68?v=3", source: https://cdnjs.cloudflare.com/ajax/libs/html2canvas/1.4.1/html2canvas.min.js (20)
[10120:3780:0720/230853.916:INFO:CONSOLE:20] "#1 475ms Added image https://server.arcgisonline.com/ArcGIS/rest/services/World_Imagery/MapServer/tile/7/47/61?v=3", source: https://cdnjs.cloudflare.com/ajax/libs/html2canvas/1.4.1/html2canvas.min.js (20)
[10120:3780:0720/230853.917:INFO:CONSOLE:20] "#1 475ms Added image https://server.arcgisonline.com/ArcGIS/rest/services/World_Imagery/MapServer/tile/7/47/68?v=3", source: https://cdnjs.cloudflare.com/ajax/libs/html2canvas/1.4.1/html2canvas.min.js (20)
[10120:3780:0720/230853.917:INFO:CONSOLE:20] "#1 476ms Added image https://server.arcgisonline.com/ArcGIS/rest/services/World_Imagery/MapServer/tile/7/44/60?v=3", source: https://cdnjs.cloudflare.com/ajax/libs/html2canvas/1.4.1/html2canvas.min.js (20)
[10120:3780:0720/230853.918:INFO:CONSOLE:20] "#1 476ms Added image https://server.arcgisonline.com/ArcGIS/rest/services/World_Imagery/MapServer/tile/7/44/69?v=3", source: https://cdnjs.cloudflare.com/ajax/libs/html2canvas/1.4.1/html2canvas.min.js (20)
[10120:3780:0720/230853.918:INFO:CONSOLE:20] "#1 477ms Added image https://server.arcgisonline.com/ArcGIS/rest/services/World_Imagery/MapServer/tile/7/45/60?v=3", source: https://cdnjs.cloudflare.com/ajax/libs/html2canvas/1.4.1/html2canvas.min.js (20)
[10120:3780:0720/230853.919:INFO:CONSOLE:20] "#1 478ms Added image https://server.arcgisonline.com/ArcGIS/rest/services/World_Imagery/MapServer/tile/7/45/69?v=3", source: https://cdnjs.cloudflare.com/ajax/libs/html2canvas/1.4.1/html2canvas.min.js (20)
[10120:3780:0720/230853.919:INFO:CONSOLE:20] "#1 478ms Added image https://server.arcgisonline.com/ArcGIS/rest/services/World_Imagery/MapServer/tile/7/43/60?v=3", source: https://cdnjs.cloudflare.com/ajax/libs/html2canvas/1.4.1/html2canvas.min.js (20)
[10120:3780:0720/230853.921:INFO:CONSOLE:20] "#1 479ms Added image https://server.arcgisonline.com/ArcGIS/rest/services/World_Imagery/MapServer/tile/7/43/69?v=3", source: https://cdnjs.cloudflare.com/ajax/libs/html2canvas/1.4.1/html2canvas.min.js (20)
[10120:3780:0720/230853.921:INFO:CONSOLE:20] "#1 480ms Added image https://server.arcgisonline.com/ArcGIS/rest/services/World_Imagery/MapServer/tile/7/46/60?v=3", source: https://cdnjs.cloudflare.com/ajax/libs/html2canvas/1.4.1/html2canvas.min.js (20)
[10120:3780:0720/230853.922:INFO:CONSOLE:20] "#1 480ms Added image https://server.arcgisonline.com/ArcGIS/rest/services/World_Imagery/MapServer/tile/7/46/69?v=3", source: https://cdnjs.cloudflare.com/ajax/libs/html2canvas/1.4.1/html2canvas.min.js (20)
[10120:3780:0720/230853.922:INFO:CONSOLE:20] "#1 481ms Added image https://server.arcgisonline.com/ArcGIS/rest/services/World_Imagery/MapServer/tile/7/42/60?v=3", source: https://cdnjs.cloudflare.com/ajax/libs/html2canvas/1.4.1/html2canvas.min.js (20)
[10120:3780:0720/230853.923:INFO:CONSOLE:20] "#1 482ms Added image https://server.arcgisonline.com/ArcGIS/rest/services/World_Imagery/MapServer/tile/7/42/69?v=3", source: https://cdnjs.cloudflare.com/ajax/libs/html2canvas/1.4.1/html2canvas.min.js (20)
[10120:3780:0720/230853.924:INFO:CONSOLE:20] "#1 483ms Added image https://server.arcgisonline.com/ArcGIS/rest/services/World_Imagery/MapServer/tile/7/47/60?v=3", source: https://cdnjs.cloudflare.com/ajax/libs/html2canvas/1.4.1/html2canvas.min.js (20)
[10120:3780:0720/230853.925:INFO:CONSOLE:20] "#1 484ms Added image https://server.arcgisonline.com/ArcGIS/rest/services/World_Imagery/MapServer/tile/7/47/69?v=3", source: https://cdnjs.cloudflare.com/ajax/libs/html2canvas/1.4.1/html2canvas.min.js (20)
[10120:3780:0720/230853.932:INFO:CONSOLE:20] "#1 490ms Added image http://127.0.0.1:8001/pictogramme/P1%20(soleil).png", source: https://cdnjs.cloudflare.com/ajax/libs/html2canvas/1.4.1/html2canvas.min.js (20)
[10120:3780:0720/230853.940:INFO:CONSOLE:20] "#1 499ms Added image http://127.0.0.1:8001/pictogramme/P5%20(couvert).png", source: https://cdnjs.cloudflare.com/ajax/libs/html2canvas/1.4.1/html2canvas.min.js (20)
[10120:3780:0720/230854.081:INFO:CONSOLE:20] "#1 639ms Added image http://127.0.0.1:8001/logo%20meteo%20climat%20pro%203.png", source: https://cdnjs.cloudflare.com/ajax/libs/html2canvas/1.4.1/html2canvas.min.js (20)
[10120:3780:0720/230854.086:INFO:CONSOLE:20] "#1 644ms Starting renderer for element at 0,0 with size 1902x1080", source: https://cdnjs.cloudflare.com/ajax/libs/html2canvas/1.4.1/html2canvas.min.js (20)
[10120:3780:0720/230854.092:INFO:CONSOLE:20] "#1 650ms Canvas renderer initialized (1902x1080) with scale 1.5", source: https://cdnjs.cloudflare.com/ajax/libs/html2canvas/1.4.1/html2canvas.min.js (20)
[10120:3780:0720/230854.326:INFO:CONSOLE:20] "#1 882ms Finished rendering", source: https://cdnjs.cloudflare.com/ajax/libs/html2canvas/1.4.1/html2canvas.min.js (20)
[10120:18076:0720/230857.471:ERROR:google_apis\gcm\engine\registration_request.cc:291] Registration response error message: DEPRECATED_ENDPOINT
